MPLINK 5.08, LINKER
Linker Map File - Created Fri Mar 10 12:10:03 2017

                                 Section Info
                  Section       Type    Address   Location Size(Bytes)
                ---------  ---------  ---------  ---------  ---------
                   .org_0       code   0x000000    program   0x000168
                   .cinit    romdata   0x0000b4    program   0x000004
.config_2007_BUILD/DEFAULT/PRODUCTION/_EXT/12       code   0x002007    program   0x000002
.config_2008_BUILD/DEFAULT/PRODUCTION/_EXT/12       code   0x002008    program   0x000002



                              Program Memory Usage 
                               Start         End      
                           ---------   ---------      
                            0x000000    0x0000b5      
                            0x002007    0x002008      
            184 out of 8455 program addresses used, program memory utilization is 2%



                              Symbols - Sorted by Name
                     Name    Address   Location    Storage File                     
                ---------  ---------  ---------  --------- ---------                
                CONVERSOR   0x00002b    program     static D:\Electronic Engineering\uC Marlon\Labs\Lab1.X\CONVERSOR.INC
                     LOOP   0x000002    program     static D:\Electronic Engineering\uC Marlon\Labs\Lab1.X\Main.asm
                       NO   0x000031    program     static D:\Electronic Engineering\uC Marlon\Labs\Lab1.X\CONVERSOR.INC
                 OSC_CONF   0x000010    program     static D:\Electronic Engineering\uC Marlon\Labs\Lab1.X\CONFIGURACIONES.INC
                PORT_CONF   0x000017    program     static D:\Electronic Engineering\uC Marlon\Labs\Lab1.X\CONFIGURACIONES.INC
                  RETARDO   0x000096    program     static D:\Electronic Engineering\uC Marlon\Labs\Lab1.X\RETARDO.INC
                 RETARDO2   0x00009f    program     static D:\Electronic Engineering\uC Marlon\Labs\Lab1.X\RETARDO.INC
                      SEC   0x000049    program     static D:\Electronic Engineering\uC Marlon\Labs\Lab1.X\SECUENCIA.INC
                SECUENCIA   0x000047    program     static D:\Electronic Engineering\uC Marlon\Labs\Lab1.X\SECUENCIA.INC
                      VER   0x0000a8    program     static D:\Electronic Engineering\uC Marlon\Labs\Lab1.X\VER.INC
             _.org_0_0007   0x000007    program     static D:\Electronic Engineering\uC Marlon\Labs\Lab1.X\Main.asm
             _.org_0_000A   0x00000a    program     static D:\Electronic Engineering\uC Marlon\Labs\Lab1.X\Main.asm
             _.org_0_0035   0x000035    program     static D:\Electronic Engineering\uC Marlon\Labs\Lab1.X\CONVERSOR.INC
             _.org_0_003B   0x00003b    program     static D:\Electronic Engineering\uC Marlon\Labs\Lab1.X\CONVERSOR.INC
             _.org_0_0042   0x000042    program     static D:\Electronic Engineering\uC Marlon\Labs\Lab1.X\CONVERSOR.INC
             _.org_0_009B   0x00009b    program     static D:\Electronic Engineering\uC Marlon\Labs\Lab1.X\RETARDO.INC
             _.org_0_009D   0x00009d    program     static D:\Electronic Engineering\uC Marlon\Labs\Lab1.X\RETARDO.INC
             _.org_0_00A4   0x0000a4    program     static D:\Electronic Engineering\uC Marlon\Labs\Lab1.X\RETARDO.INC
             _.org_0_00A6   0x0000a6    program     static D:\Electronic Engineering\uC Marlon\Labs\Lab1.X\RETARDO.INC



                              Symbols - Sorted by Address
                     Name    Address   Location    Storage File                     
                ---------  ---------  ---------  --------- ---------                
                     LOOP   0x000002    program     static D:\Electronic Engineering\uC Marlon\Labs\Lab1.X\Main.asm
             _.org_0_0007   0x000007    program     static D:\Electronic Engineering\uC Marlon\Labs\Lab1.X\Main.asm
             _.org_0_000A   0x00000a    program     static D:\Electronic Engineering\uC Marlon\Labs\Lab1.X\Main.asm
                 OSC_CONF   0x000010    program     static D:\Electronic Engineering\uC Marlon\Labs\Lab1.X\CONFIGURACIONES.INC
                PORT_CONF   0x000017    program     static D:\Electronic Engineering\uC Marlon\Labs\Lab1.X\CONFIGURACIONES.INC
                CONVERSOR   0x00002b    program     static D:\Electronic Engineering\uC Marlon\Labs\Lab1.X\CONVERSOR.INC
                       NO   0x000031    program     static D:\Electronic Engineering\uC Marlon\Labs\Lab1.X\CONVERSOR.INC
             _.org_0_0035   0x000035    program     static D:\Electronic Engineering\uC Marlon\Labs\Lab1.X\CONVERSOR.INC
             _.org_0_003B   0x00003b    program     static D:\Electronic Engineering\uC Marlon\Labs\Lab1.X\CONVERSOR.INC
             _.org_0_0042   0x000042    program     static D:\Electronic Engineering\uC Marlon\Labs\Lab1.X\CONVERSOR.INC
                SECUENCIA   0x000047    program     static D:\Electronic Engineering\uC Marlon\Labs\Lab1.X\SECUENCIA.INC
                      SEC   0x000049    program     static D:\Electronic Engineering\uC Marlon\Labs\Lab1.X\SECUENCIA.INC
                  RETARDO   0x000096    program     static D:\Electronic Engineering\uC Marlon\Labs\Lab1.X\RETARDO.INC
             _.org_0_009B   0x00009b    program     static D:\Electronic Engineering\uC Marlon\Labs\Lab1.X\RETARDO.INC
             _.org_0_009D   0x00009d    program     static D:\Electronic Engineering\uC Marlon\Labs\Lab1.X\RETARDO.INC
                 RETARDO2   0x00009f    program     static D:\Electronic Engineering\uC Marlon\Labs\Lab1.X\RETARDO.INC
             _.org_0_00A4   0x0000a4    program     static D:\Electronic Engineering\uC Marlon\Labs\Lab1.X\RETARDO.INC
             _.org_0_00A6   0x0000a6    program     static D:\Electronic Engineering\uC Marlon\Labs\Lab1.X\RETARDO.INC
                      VER   0x0000a8    program     static D:\Electronic Engineering\uC Marlon\Labs\Lab1.X\VER.INC


